
> techmatch@1.0.0 build
> react-scripts build

Creating an optimized production build...
Compiled with warnings.

[eslint] 
src\firebase.js
  Line 213:9:  'phoneAuthCredential' is assigned a value but never used  no-unused-vars

src\pages\Admissions.js
  Line 63:6:  React Hook useMemo has an unnecessary dependency: 'colleges'. Either exclude it or remove the dependency array. Outer scope values like 'colleges' aren't valid dependencies because mutating them doesn't re-render the component  react-hooks/exhaustive-deps

src\pages\Projects.js
  Line 24:13:  The element article has an implicit role of article. Defining this explicitly is redundant and should be avoided                                                                                                                                                                                                                                                   jsx-a11y/no-redundant-roles
  Line 30:17:  The href attribute requires a valid value to be accessible. Provide a valid, navigable address as the href value. If you cannot provide a valid href, but still need the element to resemble a link, use a button and change it with appropriate styles. Learn more: https://github.com/jsx-eslint/eslint-plugin-jsx-a11y/blob/HEAD/docs/rules/anchor-is-valid.md  jsx-a11y/anchor-is-valid

Search for the keywords to learn more about each warning.
To ignore, add // eslint-disable-next-line to the line before.

File sizes after gzip:

  182.17 kB  build\static\js\main.4d101bab.js
  12.56 kB   build\static\css\main.3638fec3.css

The project was built assuming it is hosted at /.
You can control this with the homepage field in your package.json.

The build folder is ready to be deployed.
You may serve it with a static server:

  npm install -g serve
  serve -s build

Find out more about deployment here:

  https://cra.link/deployment

